START
pid=6292
tgerr=connect ECONNREFUSED 127.0.0.1:9351
tgerr=connect ECONNREFUSED 127.0.0.1:9351
tgerr=connect ECONNREFUSED 127.0.0.1:9351
tgerr=connect ECONNREFUSED 127.0.0.1:9351
tgerr=connect ECONNREFUSED 127.0.0.1:9351
tgerr=connect ECONNREFUSED 127.0.0.1:9351
list=["http://localhost:3000/id","chrome://webui-toolbar.top-chrome/"]
target=http://localhost:3000/id ws=ws://127.0.0.1:9351/devtools/page/A604358B1AF8BA9E
waiting 800ms for tab ready
Runtime.evaluate direct (skip Page.enable)
DIAG=undefined
poll
poll 0 itemCount=0 body=(empty)
poll 1 itemCount=0 body=(empty)
poll 2 itemCount=0 body=(empty)
poll 3 itemCount=0 body=(empty)
poll 4 itemCount=0 body=(empty)
poll 5 itemCount=0 body=(empty)
poll 6 itemCount=0 body=(empty)
poll 7 itemCount=0 body=(empty)
poll 8 itemCount=0 body=(empty)
poll 9 itemCount=0 body=(empty)
poll 10 itemCount=0 body=(empty)
poll 11 itemCount=0 body=(empty)
poll 12 itemCount=0 body=(empty)
poll 13 itemCount=0 body=(empty)
poll 14 itemCount=0 body=(empty)
poll 15 itemCount=0 body=(empty)
poll 16 itemCount=0 body=(empty)
poll 17 itemCount=0 body=(empty)
poll 18 itemCount=0 body=(empty)
poll 19 itemCount=0 body=(empty)
poll 20 itemCount=0 body=(empty)
poll 21 itemCount=0 body=(empty)
poll 22 itemCount=0 body=(empty)
poll 23 itemCount=0 body=(empty)
poll 24 itemCount=0 body=(empty)
poll 25 itemCount=0 body=(empty)
poll 26 itemCount=0 body=(empty)
poll 27 itemCount=0 body=(empty)
poll 28 itemCount=0 body=(empty)
poll 29 itemCount=0 body=(empty)
done; capturing snapshot
snap no data
